2025-07-03 14:36:37,555 - app.quiz.routes - INFO - Uploading bnhsmonsoon.pdf
2025-07-03 14:36:39,706 - app.upload.service - INFO - Extracted 37 chunks from 'bnhsmonsoon.pdf' with per-page splitting
2025-07-03 14:36:39,706 - app.upload.service - INFO - Returning 37 chunks with metadata keys: dict_keys(['doc_id', 'filename', 'page_number', 'chunk_number']) and doc_id: f6d6256f-9101-4b98-83dd-1380fd700237
2025-07-03 14:36:39,709 - app.quiz.routes - ERROR - Upload failed: too many values to unpack (expected 2)
Traceback (most recent call last):
  File "C:\Users\97798\OneDrive\Desktop\FastApi\app\quiz\routes.py", line 37, in upload_document
    chunks, metadata = await extract_chunks_with_metadata(file)
    ^^^^^^^^^^^^^^^^
ValueError: too many values to unpack (expected 2)
2025-07-03 14:39:14,811 - app.quiz.routes - INFO - Uploading bnhsmonsoon.pdf
2025-07-03 14:39:15,039 - app.upload.service - INFO - Extracted 37 chunks from 'bnhsmonsoon.pdf' with per-page splitting
2025-07-03 14:39:15,040 - app.upload.service - INFO - Returning 37 chunks with metadata keys: dict_keys(['doc_id', 'filename', 'page_number', 'chunk_number']) and doc_id: c410db11-569a-414f-aac6-902d1d6a0eee
2025-07-03 14:39:15,040 - app.upload.service - INFO - Generating embeddings for 37 chunks
2025-07-03 14:39:15,040 - app.upload.service - INFO - Metadata sample: [{'doc_id': 'c410db11-569a-414f-aac6-902d1d6a0eee', 'filename': 'bnhsmonsoon.pdf', 'page_number': 1, 'chunk_number': 0}, {'doc_id': 'c410db11-569a-414f-aac6-902d1d6a0eee', 'filename': 'bnhsmonsoon.pdf', 'page_number': 2, 'chunk_number': 0}]
2025-07-03 14:39:26,643 - httpx - INFO - HTTP Request: GET http://localhost:6333/collections "HTTP/1.1 200 OK"
2025-07-03 14:39:26,647 - app.upload.service - INFO - Uploading 37 points to Qdrant collection 'quiz_chunks'
2025-07-03 14:39:26,885 - httpx - INFO - HTTP Request: PUT http://localhost:6333/collections/quiz_chunks/points?wait=true "HTTP/1.1 200 OK"
2025-07-03 14:39:26,888 - app.upload.service - INFO - Chunks successfully stored in Qdrant.
2025-07-03 14:39:56,833 - httpx - INFO - HTTP Request: POST http://localhost:6333/collections/quiz_chunks/points/scroll "HTTP/1.1 200 OK"
2025-07-03 14:40:01,834 - httpx - INFO - HTTP Request: POST https://jo3m4y06rnnwhaz.askbhunte.com/api/generate "HTTP/1.1 200 OK"
2025-07-03 14:40:04,829 - httpx - INFO - HTTP Request: POST https://jo3m4y06rnnwhaz.askbhunte.com/api/generate "HTTP/1.1 200 OK"
2025-07-03 14:40:07,636 - httpx - INFO - HTTP Request: POST https://jo3m4y06rnnwhaz.askbhunte.com/api/generate "HTTP/1.1 200 OK"
2025-07-03 14:40:10,315 - app.quiz.utils - INFO - Starting to store questions for 'bnhsmonsoon.pdf' in database
2025-07-03 14:40:10,518 - app.quiz.utils - INFO - Created quiz with ID: 30
2025-07-03 14:40:10,556 - app.quiz.utils - INFO - Stored question with ID: 23
2025-07-03 14:40:10,559 - app.quiz.utils - INFO - Stored question with ID: 24
2025-07-03 14:40:10,561 - app.quiz.utils - INFO - Stored question with ID: 25
2025-07-03 14:40:10,565 - app.quiz.utils - INFO - Successfully stored 3 questions for quiz 'Quiz from bnhsmonsoon.pdf' (ID: 30)
2025-07-03 14:40:38,514 - httpx - INFO - HTTP Request: POST http://localhost:6333/collections/quiz_chunks/points/scroll "HTTP/1.1 200 OK"
2025-07-03 14:40:39,369 - httpx - INFO - HTTP Request: POST https://jo3m4y06rnnwhaz.askbhunte.com/api/generate "HTTP/1.1 200 OK"
2025-07-03 14:40:42,088 - httpx - INFO - HTTP Request: POST https://jo3m4y06rnnwhaz.askbhunte.com/api/generate "HTTP/1.1 200 OK"
2025-07-03 14:40:43,738 - app.quiz.utils - INFO - Starting to store questions for 'bnhsmonsoon.pdf' in database
2025-07-03 14:40:43,751 - app.quiz.utils - INFO - Created quiz with ID: 31
2025-07-03 14:40:43,754 - app.quiz.utils - INFO - Stored question with ID: 26
2025-07-03 14:40:43,757 - app.quiz.utils - INFO - Stored question with ID: 27
2025-07-03 14:40:43,760 - app.quiz.utils - INFO - Successfully stored 2 questions for quiz 'Quiz from bnhsmonsoon.pdf' (ID: 31)
2025-07-03 14:46:18,543 - httpx - INFO - HTTP Request: POST http://localhost:6333/collections/quiz_chunks/points/scroll "HTTP/1.1 200 OK"
2025-07-03 14:46:20,168 - httpx - INFO - HTTP Request: POST https://jo3m4y06rnnwhaz.askbhunte.com/api/generate "HTTP/1.1 200 OK"
2025-07-03 14:46:21,522 - httpx - INFO - HTTP Request: POST https://jo3m4y06rnnwhaz.askbhunte.com/api/generate "HTTP/1.1 200 OK"
2025-07-03 14:46:22,869 - app.quiz.utils - INFO - Starting to store questions for 'bnhsmonsoon.pdf' in database
2025-07-03 14:46:22,886 - app.quiz.utils - INFO - Created quiz with ID: 32
2025-07-03 14:46:22,892 - app.quiz.utils - INFO - Stored question with ID: 28
2025-07-03 14:46:22,896 - app.quiz.utils - INFO - Stored question with ID: 29
2025-07-03 14:46:22,900 - app.quiz.utils - INFO - Successfully stored 2 questions for quiz 'Quiz from bnhsmonsoon.pdf' (ID: 32)
2025-07-03 14:49:24,994 - httpx - INFO - HTTP Request: POST http://localhost:6333/collections/quiz_chunks/points/scroll "HTTP/1.1 200 OK"
2025-07-03 14:49:25,952 - httpx - INFO - HTTP Request: POST https://jo3m4y06rnnwhaz.askbhunte.com/api/generate "HTTP/1.1 200 OK"
2025-07-03 14:49:27,955 - httpx - INFO - HTTP Request: POST https://jo3m4y06rnnwhaz.askbhunte.com/api/generate "HTTP/1.1 200 OK"
2025-07-03 14:49:29,102 - app.quiz.utils - INFO - Starting to store questions for 'bnhsmonsoon.pdf' in database
2025-07-03 14:49:29,153 - app.quiz.utils - INFO - Created quiz with ID: 33
2025-07-03 14:49:29,158 - app.quiz.utils - INFO - Stored question with ID: 30
2025-07-03 14:49:29,159 - app.quiz.utils - INFO - Stored question with ID: 31
2025-07-03 14:49:29,160 - app.quiz.utils - INFO - Successfully stored 2 questions for quiz 'Quiz from bnhsmonsoon.pdf' (ID: 33)
2025-07-03 15:53:49,586 - app.quiz.routes - INFO - Uploading bnhsmonsoon.pdf
2025-07-03 15:53:50,064 - app.upload.service - INFO - Extracted 37 chunks from 'bnhsmonsoon.pdf' with per-page splitting
2025-07-03 15:53:50,064 - app.upload.service - INFO - Returning 37 chunks with metadata keys: dict_keys(['doc_id', 'filename', 'page_number', 'chunk_number']) and doc_id: aecf91d5-7927-4df5-98e9-5609fd628047
2025-07-03 15:53:50,064 - app.upload.service - INFO - Generating embeddings for 37 chunks
2025-07-03 15:53:50,065 - app.upload.service - INFO - Metadata sample: [{'doc_id': 'aecf91d5-7927-4df5-98e9-5609fd628047', 'filename': 'bnhsmonsoon.pdf', 'page_number': 1, 'chunk_number': 0}, {'doc_id': 'aecf91d5-7927-4df5-98e9-5609fd628047', 'filename': 'bnhsmonsoon.pdf', 'page_number': 2, 'chunk_number': 0}]
2025-07-03 15:54:02,672 - httpx - INFO - HTTP Request: GET http://localhost:6333/collections "HTTP/1.1 200 OK"
2025-07-03 15:54:02,676 - app.upload.service - INFO - Uploading 37 points to Qdrant collection 'quiz_chunks'
2025-07-03 15:54:02,860 - httpx - INFO - HTTP Request: PUT http://localhost:6333/collections/quiz_chunks/points?wait=true "HTTP/1.1 200 OK"
2025-07-03 15:54:02,861 - app.upload.service - INFO - Chunks successfully stored in Qdrant.
2025-07-03 15:54:15,383 - httpx - INFO - HTTP Request: POST http://localhost:6333/collections/quiz_chunks/points/scroll "HTTP/1.1 200 OK"
2025-07-03 15:54:16,921 - httpx - INFO - HTTP Request: POST https://jo3m4y06rnnwhaz.askbhunte.com/api/generate "HTTP/1.1 200 OK"
2025-07-03 15:54:18,374 - httpx - INFO - HTTP Request: POST https://jo3m4y06rnnwhaz.askbhunte.com/api/generate "HTTP/1.1 200 OK"
2025-07-03 15:54:19,413 - app.quiz.utils - INFO - Starting to store questions for 'bnhsmonsoon.pdf' in database
2025-07-03 15:54:19,596 - app.quiz.utils - INFO - Created quiz with ID: 34
2025-07-03 15:54:19,639 - app.quiz.utils - INFO - Stored question with ID: 32
2025-07-03 15:54:19,641 - app.quiz.utils - INFO - Stored question with ID: 33
2025-07-03 15:54:19,644 - app.quiz.utils - INFO - Successfully stored 2 questions for quiz 'Quiz from bnhsmonsoon.pdf' (ID: 34)
2025-07-03 17:37:23,695 - app.quiz.routes - INFO - Uploading bnhsmonsoon.pdf
2025-07-03 17:37:24,167 - app.upload.service - INFO - Extracted 37 chunks from 'bnhsmonsoon.pdf' with per-page splitting
2025-07-03 17:37:24,167 - app.upload.service - INFO - Returning 37 chunks with metadata keys: dict_keys(['doc_id', 'filename', 'page_number', 'chunk_number']) and doc_id: 86d85dfb-3d15-4c93-8f3f-96deaa70a33d
2025-07-03 17:37:24,168 - app.upload.service - INFO - Generating embeddings for 37 chunks
2025-07-03 17:37:24,168 - app.upload.service - INFO - Metadata sample: [{'doc_id': '86d85dfb-3d15-4c93-8f3f-96deaa70a33d', 'filename': 'bnhsmonsoon.pdf', 'page_number': 1, 'chunk_number': 0}, {'doc_id': '86d85dfb-3d15-4c93-8f3f-96deaa70a33d', 'filename': 'bnhsmonsoon.pdf', 'page_number': 2, 'chunk_number': 0}]
2025-07-03 17:37:33,589 - httpx - INFO - HTTP Request: GET http://localhost:6333/collections "HTTP/1.1 200 OK"
2025-07-03 17:37:33,593 - app.upload.service - INFO - Uploading 37 points to Qdrant collection 'quiz_chunks'
2025-07-03 17:37:33,784 - httpx - INFO - HTTP Request: PUT http://localhost:6333/collections/quiz_chunks/points?wait=true "HTTP/1.1 200 OK"
2025-07-03 17:37:33,787 - app.upload.service - INFO - Chunks successfully stored in Qdrant.
2025-07-03 17:37:57,390 - httpx - INFO - HTTP Request: POST http://localhost:6333/collections/quiz_chunks/points/scroll "HTTP/1.1 200 OK"
2025-07-03 17:37:58,879 - httpx - INFO - HTTP Request: POST https://jo3m4y06rnnwhaz.askbhunte.com/api/generate "HTTP/1.1 200 OK"
2025-07-03 17:37:59,855 - httpx - INFO - HTTP Request: POST https://jo3m4y06rnnwhaz.askbhunte.com/api/generate "HTTP/1.1 200 OK"
2025-07-03 17:38:00,836 - app.quiz.utils - INFO - Starting to store questions for 'bnhsmonsoon.pdf' in database
2025-07-03 17:38:01,064 - app.quiz.utils - INFO - Created quiz with ID: 35
2025-07-03 17:38:01,098 - app.quiz.utils - INFO - Stored question with ID: 34
2025-07-03 17:38:01,100 - app.quiz.utils - INFO - Stored question with ID: 35
2025-07-03 17:38:01,102 - app.quiz.utils - INFO - Successfully stored 2 questions for quiz 'Quiz from bnhsmonsoon.pdf' (ID: 35)
2025-07-03 22:32:11,956 - app.quiz.routes - INFO - Uploading bnhsmonsoon.pdf
2025-07-03 22:32:13,938 - app.upload.service - INFO - Extracted 37 chunks from 'bnhsmonsoon.pdf' with per-page splitting
2025-07-03 22:32:13,939 - app.upload.service - INFO - Returning 37 chunks with metadata keys: dict_keys(['doc_id', 'filename', 'page_number', 'chunk_number']) and doc_id: c517fd0d-8bb9-4025-bfa2-57bfee1a51a5
2025-07-03 22:32:13,942 - app.upload.service - INFO - Generating embeddings for 37 chunks
2025-07-03 22:32:13,943 - app.upload.service - INFO - Metadata sample: [{'doc_id': 'c517fd0d-8bb9-4025-bfa2-57bfee1a51a5', 'filename': 'bnhsmonsoon.pdf', 'page_number': 1, 'chunk_number': 0}, {'doc_id': 'c517fd0d-8bb9-4025-bfa2-57bfee1a51a5', 'filename': 'bnhsmonsoon.pdf', 'page_number': 2, 'chunk_number': 0}]
2025-07-03 22:32:21,447 - httpx - INFO - HTTP Request: GET http://localhost:6333/collections "HTTP/1.1 200 OK"
2025-07-03 22:32:21,489 - app.upload.service - INFO - Creating Qdrant collection: quiz_chunks
2025-07-03 22:32:22,321 - httpx - INFO - HTTP Request: PUT http://localhost:6333/collections/quiz_chunks "HTTP/1.1 200 OK"
2025-07-03 22:32:22,336 - app.upload.service - INFO - Uploading 37 points to Qdrant collection 'quiz_chunks'
2025-07-03 22:32:22,614 - httpx - INFO - HTTP Request: PUT http://localhost:6333/collections/quiz_chunks/points?wait=true "HTTP/1.1 200 OK"
2025-07-03 22:32:22,623 - app.upload.service - INFO - Chunks successfully stored in Qdrant.
2025-07-03 22:32:40,502 - httpx - INFO - HTTP Request: POST http://localhost:6333/collections/quiz_chunks/points/scroll "HTTP/1.1 200 OK"
2025-07-03 22:32:42,065 - httpx - INFO - HTTP Request: POST https://jo3m4y06rnnwhaz.askbhunte.com/api/generate "HTTP/1.1 200 OK"
2025-07-03 22:32:45,206 - httpx - INFO - HTTP Request: POST https://jo3m4y06rnnwhaz.askbhunte.com/api/generate "HTTP/1.1 200 OK"
2025-07-03 22:32:48,045 - httpx - INFO - HTTP Request: POST https://jo3m4y06rnnwhaz.askbhunte.com/api/generate "HTTP/1.1 200 OK"
2025-07-03 22:32:50,964 - app.quiz.utils - INFO - Starting to store questions for 'bnhsmonsoon.pdf' in database
2025-07-03 22:32:51,509 - app.quiz.utils - INFO - Created quiz with ID: 36
2025-07-03 22:32:51,600 - app.quiz.utils - INFO - Stored question with ID: 36
2025-07-03 22:32:51,605 - app.quiz.utils - INFO - Stored question with ID: 37
2025-07-03 22:32:51,609 - app.quiz.utils - INFO - Stored question with ID: 38
2025-07-03 22:32:51,614 - app.quiz.utils - INFO - Successfully stored 3 questions for quiz 'Quiz from bnhsmonsoon.pdf' (ID: 36)
2025-07-04 14:29:56,879 - app.quiz.routes - INFO - Uploading bnhsmonsoon.pdf
2025-07-04 14:29:57,724 - app.upload.service - INFO - Extracted 37 chunks from 'bnhsmonsoon.pdf' with per-page splitting
2025-07-04 14:29:57,725 - app.upload.service - INFO - Returning 37 chunks with metadata keys: dict_keys(['doc_id', 'filename', 'page_number', 'chunk_number']) and doc_id: af96b20f-6296-4c9b-a0fa-57173e0b1eb4
2025-07-04 14:29:57,725 - app.upload.service - INFO - Generating embeddings for 37 chunks
2025-07-04 14:29:57,725 - app.upload.service - INFO - Metadata sample: [{'doc_id': 'af96b20f-6296-4c9b-a0fa-57173e0b1eb4', 'filename': 'bnhsmonsoon.pdf', 'page_number': 1, 'chunk_number': 0}, {'doc_id': 'af96b20f-6296-4c9b-a0fa-57173e0b1eb4', 'filename': 'bnhsmonsoon.pdf', 'page_number': 2, 'chunk_number': 0}]
2025-07-04 14:30:04,872 - httpx - INFO - HTTP Request: GET http://localhost:6333/collections "HTTP/1.1 200 OK"
2025-07-04 14:30:04,875 - app.upload.service - INFO - Creating Qdrant collection: quiz_chunks
2025-07-04 14:30:05,327 - httpx - INFO - HTTP Request: PUT http://localhost:6333/collections/quiz_chunks "HTTP/1.1 200 OK"
2025-07-04 14:30:05,330 - app.upload.service - INFO - Uploading 37 points to Qdrant collection 'quiz_chunks'
2025-07-04 14:30:05,460 - httpx - INFO - HTTP Request: PUT http://localhost:6333/collections/quiz_chunks/points?wait=true "HTTP/1.1 200 OK"
2025-07-04 14:30:05,462 - app.upload.service - INFO - Chunks successfully stored in Qdrant.
2025-07-04 14:30:26,314 - httpx - INFO - HTTP Request: POST http://localhost:6333/collections/quiz_chunks/points/scroll "HTTP/1.1 200 OK"
2025-07-04 14:30:27,830 - httpx - INFO - HTTP Request: POST https://jo3m4y06rnnwhaz.askbhunte.com/api/generate "HTTP/1.1 200 OK"
2025-07-04 14:30:30,411 - httpx - INFO - HTTP Request: POST https://jo3m4y06rnnwhaz.askbhunte.com/api/generate "HTTP/1.1 200 OK"
2025-07-04 14:30:33,261 - httpx - INFO - HTTP Request: POST https://jo3m4y06rnnwhaz.askbhunte.com/api/generate "HTTP/1.1 200 OK"
2025-07-04 14:30:35,507 - app.quiz.utils - INFO - Starting to store questions for 'bnhsmonsoon.pdf' in database
2025-07-04 14:30:35,837 - app.quiz.utils - INFO - Created quiz with ID: 37
2025-07-04 14:30:35,899 - app.quiz.utils - INFO - Stored question with ID: 39
2025-07-04 14:30:35,901 - app.quiz.utils - INFO - Stored question with ID: 40
2025-07-04 14:30:35,904 - app.quiz.utils - INFO - Stored question with ID: 41
2025-07-04 14:30:35,908 - app.quiz.utils - INFO - Successfully stored 3 questions for quiz 'Quiz from bnhsmonsoon.pdf' (ID: 37)
2025-07-04 16:36:14,780 - app.quiz.routes - INFO - Uploading bnhsmonsoon.pdf
2025-07-04 16:36:15,241 - app.upload.service - INFO - Extracted 37 chunks from 'bnhsmonsoon.pdf' with per-page splitting
2025-07-04 16:36:15,241 - app.upload.service - INFO - Returning 37 chunks with metadata keys: dict_keys(['doc_id', 'filename', 'page_number', 'chunk_number']) and doc_id: ed14b2b8-8d27-405e-a246-5a7d65d00e5a
2025-07-04 16:36:15,241 - app.upload.service - INFO - Generating embeddings for 37 chunks
2025-07-04 16:36:15,242 - app.upload.service - INFO - Metadata sample: [{'doc_id': 'ed14b2b8-8d27-405e-a246-5a7d65d00e5a', 'filename': 'bnhsmonsoon.pdf', 'page_number': 1, 'chunk_number': 0}, {'doc_id': 'ed14b2b8-8d27-405e-a246-5a7d65d00e5a', 'filename': 'bnhsmonsoon.pdf', 'page_number': 2, 'chunk_number': 0}]
2025-07-04 16:36:21,623 - httpx - INFO - HTTP Request: GET http://localhost:6333/collections "HTTP/1.1 200 OK"
2025-07-04 16:36:21,628 - app.upload.service - INFO - Uploading 37 points to Qdrant collection 'quiz_chunks'
2025-07-04 16:36:21,900 - httpx - INFO - HTTP Request: PUT http://localhost:6333/collections/quiz_chunks/points?wait=true "HTTP/1.1 200 OK"
2025-07-04 16:36:21,902 - app.upload.service - INFO - Chunks successfully stored in Qdrant.
2025-07-04 16:36:49,424 - httpx - INFO - HTTP Request: POST http://localhost:6333/collections/quiz_chunks/points/scroll "HTTP/1.1 200 OK"
2025-07-04 16:36:51,156 - httpx - INFO - HTTP Request: POST https://jo3m4y06rnnwhaz.askbhunte.com/api/generate "HTTP/1.1 200 OK"
2025-07-04 16:36:54,087 - httpx - INFO - HTTP Request: POST https://jo3m4y06rnnwhaz.askbhunte.com/api/generate "HTTP/1.1 200 OK"
2025-07-04 16:36:57,437 - httpx - INFO - HTTP Request: POST https://jo3m4y06rnnwhaz.askbhunte.com/api/generate "HTTP/1.1 200 OK"
2025-07-04 16:36:59,822 - app.quiz.utils - INFO - Starting to store questions for 'bnhsmonsoon.pdf' in database
2025-07-04 16:37:00,079 - app.quiz.utils - INFO - Created quiz with ID: 38
2025-07-04 16:37:00,145 - app.quiz.utils - INFO - Stored question with ID: 42
2025-07-04 16:37:00,148 - app.quiz.utils - INFO - Stored question with ID: 43
2025-07-04 16:37:00,154 - app.quiz.utils - INFO - Stored question with ID: 44
2025-07-04 16:37:00,160 - app.quiz.utils - INFO - Successfully stored 3 questions for quiz 'Quiz from bnhsmonsoon.pdf' (ID: 38)
2025-07-04 16:38:30,386 - app.quiz.routes - INFO - Received request body: {'quiz_id': 38, 'answers': [{'question_id': 42, 'submitted_answer': 'The first word stands for the genus and the second word denotes some character of the plant'}]}
2025-07-04 17:16:02,244 - app.quiz.routes - INFO - Uploading bnhsmonsoon.pdf
2025-07-04 17:16:03,266 - app.upload.service - INFO - Extracted 37 chunks from 'bnhsmonsoon.pdf' with per-page splitting
2025-07-04 17:16:03,267 - app.upload.service - INFO - Returning 37 chunks with metadata keys: dict_keys(['doc_id', 'filename', 'page_number', 'chunk_number']) and doc_id: dfe54d96-5caa-46a7-8987-fc35603bf94b
2025-07-04 17:16:03,271 - app.upload.service - INFO - Generating embeddings for 37 chunks
2025-07-04 17:16:03,272 - app.upload.service - INFO - Metadata sample: [{'doc_id': 'dfe54d96-5caa-46a7-8987-fc35603bf94b', 'filename': 'bnhsmonsoon.pdf', 'page_number': 1, 'chunk_number': 0}, {'doc_id': 'dfe54d96-5caa-46a7-8987-fc35603bf94b', 'filename': 'bnhsmonsoon.pdf', 'page_number': 2, 'chunk_number': 0}]
2025-07-04 17:16:12,821 - httpx - INFO - HTTP Request: GET http://localhost:6333/collections "HTTP/1.1 200 OK"
2025-07-04 17:16:12,832 - app.upload.service - INFO - Uploading 37 points to Qdrant collection 'quiz_chunks'
2025-07-04 17:16:13,276 - httpx - INFO - HTTP Request: PUT http://localhost:6333/collections/quiz_chunks/points?wait=true "HTTP/1.1 200 OK"
2025-07-04 17:16:13,282 - app.upload.service - INFO - Chunks successfully stored in Qdrant.
2025-07-04 17:16:28,168 - httpx - INFO - HTTP Request: POST http://localhost:6333/collections/quiz_chunks/points/scroll "HTTP/1.1 200 OK"
2025-07-04 17:16:29,743 - httpx - INFO - HTTP Request: POST https://jo3m4y06rnnwhaz.askbhunte.com/api/generate "HTTP/1.1 200 OK"
2025-07-04 17:16:31,336 - httpx - INFO - HTTP Request: POST https://jo3m4y06rnnwhaz.askbhunte.com/api/generate "HTTP/1.1 200 OK"
2025-07-04 17:16:32,237 - app.quiz.utils - INFO - Starting to store questions for 'bnhsmonsoon.pdf' in database
2025-07-04 17:16:32,626 - app.quiz.utils - INFO - Created quiz with ID: 39
2025-07-04 17:16:32,715 - app.quiz.utils - ERROR - Error storing individual question: (sqlalchemy.dialects.postgresql.asyncpg.Error) <class 'asyncpg.exceptions.InvalidTextRepresentationError'>: invalid input value for enum difficulty_level: "EASY"
[SQL: INSERT INTO questions (question, type, difficulty, choices, correct_answer, explanation, quiz_id) VALUES ($1::VARCHAR, $2::question_type, $3::difficulty_level, $4::VARCHAR[], $5::VARCHAR, $6::VARCHAR, $7::INTEGER) RETURNING questions.id]
[parameters: ('After the first showers of the monsoon, the bare ground is covered with tiny plants.', 'BOOLEAN', 'EASY', [], 'True', "This statement is True/False because the context states that 'with the first showers of the monsoon the bare parched ground all over the country is covered with a green carpet of tiny plants'.", 39)]
(Background on this error at: https://sqlalche.me/e/20/dbapi)
Traceback (most recent call last):
  File "C:\Users\97798\OneDrive\Desktop\FastApi\env\Lib\site-packages\sqlalchemy\dialects\postgresql\asyncpg.py", line 545, in _prepare_and_execute
    self._rows = deque(await prepared_stmt.fetch(*parameters))
                       ^^^^^^^^^^^^^^^^^^^^^^^^^^^^^^^^^^^^^^
  File "C:\Users\97798\OneDrive\Desktop\FastApi\env\Lib\site-packages\asyncpg\prepared_stmt.py", line 176, in fetch
    data = await self.__bind_execute(args, 0, timeout)
           ^^^^^^^^^^^^^^^^^^^^^^^^^^^^^^^^^^^^^^^^^^^
  File "C:\Users\97798\OneDrive\Desktop\FastApi\env\Lib\site-packages\asyncpg\prepared_stmt.py", line 267, in __bind_execute
    data, status, _ = await self.__do_execute(
                      ^^^^^^^^^^^^^^^^^^^^^^^^
  File "C:\Users\97798\OneDrive\Desktop\FastApi\env\Lib\site-packages\asyncpg\prepared_stmt.py", line 256, in __do_execute
    return await executor(protocol)
           ^^^^^^^^^^^^^^^^^^^^^^^^
  File "asyncpg\\protocol\\protocol.pyx", line 206, in bind_execute
asyncpg.exceptions.InvalidTextRepresentationError: invalid input value for enum difficulty_level: "EASY"

The above exception was the direct cause of the following exception:

Traceback (most recent call last):
  File "C:\Users\97798\OneDrive\Desktop\FastApi\env\Lib\site-packages\sqlalchemy\engine\base.py", line 1963, in _exec_single_context
    self.dialect.do_execute(
  File "C:\Users\97798\OneDrive\Desktop\FastApi\env\Lib\site-packages\sqlalchemy\engine\default.py", line 943, in do_execute
    cursor.execute(statement, parameters)
  File "C:\Users\97798\OneDrive\Desktop\FastApi\env\Lib\site-packages\sqlalchemy\dialects\postgresql\asyncpg.py", line 580, in execute
    self._adapt_connection.await_(
  File "C:\Users\97798\OneDrive\Desktop\FastApi\env\Lib\site-packages\sqlalchemy\util\_concurrency_py3k.py", line 132, in await_only
    return current.parent.switch(awaitable)  # type: ignore[no-any-return,attr-defined] # noqa: E501
           ^^^^^^^^^^^^^^^^^^^^^^^^^^^^^^^^
  File "C:\Users\97798\OneDrive\Desktop\FastApi\env\Lib\site-packages\sqlalchemy\util\_concurrency_py3k.py", line 196, in greenlet_spawn
    value = await result
            ^^^^^^^^^^^^
  File "C:\Users\97798\OneDrive\Desktop\FastApi\env\Lib\site-packages\sqlalchemy\dialects\postgresql\asyncpg.py", line 558, in _prepare_and_execute
    self._handle_exception(error)
  File "C:\Users\97798\OneDrive\Desktop\FastApi\env\Lib\site-packages\sqlalchemy\dialects\postgresql\asyncpg.py", line 508, in _handle_exception
    self._adapt_connection._handle_exception(error)
  File "C:\Users\97798\OneDrive\Desktop\FastApi\env\Lib\site-packages\sqlalchemy\dialects\postgresql\asyncpg.py", line 792, in _handle_exception
    raise translated_error from error
sqlalchemy.dialects.postgresql.asyncpg.AsyncAdapt_asyncpg_dbapi.Error: <class 'asyncpg.exceptions.InvalidTextRepresentationError'>: invalid input value for enum difficulty_level: "EASY"

The above exception was the direct cause of the following exception:

Traceback (most recent call last):
  File "C:\Users\97798\OneDrive\Desktop\FastApi\app\quiz\utils.py", line 61, in store_questions
    await db.flush()
  File "C:\Users\97798\OneDrive\Desktop\FastApi\env\Lib\site-packages\sqlalchemy\ext\asyncio\session.py", line 801, in flush
    await greenlet_spawn(self.sync_session.flush, objects=objects)
  File "C:\Users\97798\OneDrive\Desktop\FastApi\env\Lib\site-packages\sqlalchemy\util\_concurrency_py3k.py", line 203, in greenlet_spawn
    result = context.switch(value)
             ^^^^^^^^^^^^^^^^^^^^^
  File "C:\Users\97798\OneDrive\Desktop\FastApi\env\Lib\site-packages\sqlalchemy\orm\session.py", line 4345, in flush
    self._flush(objects)
  File "C:\Users\97798\OneDrive\Desktop\FastApi\env\Lib\site-packages\sqlalchemy\orm\session.py", line 4480, in _flush
    with util.safe_reraise():
  File "C:\Users\97798\OneDrive\Desktop\FastApi\env\Lib\site-packages\sqlalchemy\util\langhelpers.py", line 224, in __exit__
    raise exc_value.with_traceback(exc_tb)
  File "C:\Users\97798\OneDrive\Desktop\FastApi\env\Lib\site-packages\sqlalchemy\orm\session.py", line 4441, in _flush
    flush_context.execute()
  File "C:\Users\97798\OneDrive\Desktop\FastApi\env\Lib\site-packages\sqlalchemy\orm\unitofwork.py", line 466, in execute
    rec.execute(self)
  File "C:\Users\97798\OneDrive\Desktop\FastApi\env\Lib\site-packages\sqlalchemy\orm\unitofwork.py", line 642, in execute
    util.preloaded.orm_persistence.save_obj(
  File "C:\Users\97798\OneDrive\Desktop\FastApi\env\Lib\site-packages\sqlalchemy\orm\persistence.py", line 93, in save_obj
    _emit_insert_statements(
  File "C:\Users\97798\OneDrive\Desktop\FastApi\env\Lib\site-packages\sqlalchemy\orm\persistence.py", line 1233, in _emit_insert_statements
    result = connection.execute(
             ^^^^^^^^^^^^^^^^^^^
  File "C:\Users\97798\OneDrive\Desktop\FastApi\env\Lib\site-packages\sqlalchemy\engine\base.py", line 1415, in execute
    return meth(
           ^^^^^
  File "C:\Users\97798\OneDrive\Desktop\FastApi\env\Lib\site-packages\sqlalchemy\sql\elements.py", line 523, in _execute_on_connection
    return connection._execute_clauseelement(
           ^^^^^^^^^^^^^^^^^^^^^^^^^^^^^^^^^^
  File "C:\Users\97798\OneDrive\Desktop\FastApi\env\Lib\site-packages\sqlalchemy\engine\base.py", line 1637, in _execute_clauseelement
    ret = self._execute_context(
          ^^^^^^^^^^^^^^^^^^^^^^
  File "C:\Users\97798\OneDrive\Desktop\FastApi\env\Lib\site-packages\sqlalchemy\engine\base.py", line 1842, in _execute_context
    return self._exec_single_context(
           ^^^^^^^^^^^^^^^^^^^^^^^^^^
  File "C:\Users\97798\OneDrive\Desktop\FastApi\env\Lib\site-packages\sqlalchemy\engine\base.py", line 1982, in _exec_single_context
    self._handle_dbapi_exception(
  File "C:\Users\97798\OneDrive\Desktop\FastApi\env\Lib\site-packages\sqlalchemy\engine\base.py", line 2351, in _handle_dbapi_exception
    raise sqlalchemy_exception.with_traceback(exc_info[2]) from e
  File "C:\Users\97798\OneDrive\Desktop\FastApi\env\Lib\site-packages\sqlalchemy\engine\base.py", line 1963, in _exec_single_context
    self.dialect.do_execute(
  File "C:\Users\97798\OneDrive\Desktop\FastApi\env\Lib\site-packages\sqlalchemy\engine\default.py", line 943, in do_execute
    cursor.execute(statement, parameters)
  File "C:\Users\97798\OneDrive\Desktop\FastApi\env\Lib\site-packages\sqlalchemy\dialects\postgresql\asyncpg.py", line 580, in execute
    self._adapt_connection.await_(
  File "C:\Users\97798\OneDrive\Desktop\FastApi\env\Lib\site-packages\sqlalchemy\util\_concurrency_py3k.py", line 132, in await_only
    return current.parent.switch(awaitable)  # type: ignore[no-any-return,attr-defined] # noqa: E501
           ^^^^^^^^^^^^^^^^^^^^^^^^^^^^^^^^
  File "C:\Users\97798\OneDrive\Desktop\FastApi\env\Lib\site-packages\sqlalchemy\util\_concurrency_py3k.py", line 196, in greenlet_spawn
    value = await result
            ^^^^^^^^^^^^
  File "C:\Users\97798\OneDrive\Desktop\FastApi\env\Lib\site-packages\sqlalchemy\dialects\postgresql\asyncpg.py", line 558, in _prepare_and_execute
    self._handle_exception(error)
  File "C:\Users\97798\OneDrive\Desktop\FastApi\env\Lib\site-packages\sqlalchemy\dialects\postgresql\asyncpg.py", line 508, in _handle_exception
    self._adapt_connection._handle_exception(error)
  File "C:\Users\97798\OneDrive\Desktop\FastApi\env\Lib\site-packages\sqlalchemy\dialects\postgresql\asyncpg.py", line 792, in _handle_exception
    raise translated_error from error
sqlalchemy.exc.DBAPIError: (sqlalchemy.dialects.postgresql.asyncpg.Error) <class 'asyncpg.exceptions.InvalidTextRepresentationError'>: invalid input value for enum difficulty_level: "EASY"
[SQL: INSERT INTO questions (question, type, difficulty, choices, correct_answer, explanation, quiz_id) VALUES ($1::VARCHAR, $2::question_type, $3::difficulty_level, $4::VARCHAR[], $5::VARCHAR, $6::VARCHAR, $7::INTEGER) RETURNING questions.id]
[parameters: ('After the first showers of the monsoon, the bare ground is covered with tiny plants.', 'BOOLEAN', 'EASY', [], 'True', "This statement is True/False because the context states that 'with the first showers of the monsoon the bare parched ground all over the country is covered with a green carpet of tiny plants'.", 39)]
(Background on this error at: https://sqlalche.me/e/20/dbapi)
2025-07-04 17:19:53,012 - app.quiz.routes - INFO - Received request body: {'quiz_id': 38, 'answers': [{'question_id': 42, 'submitted_answer': 'The first word stands for the genus and second word denotes some character of the plant'}]}
2025-07-04 17:20:20,554 - app.quiz.routes - INFO - Received request body: {'quiz_id': 38, 'answers': [{'question_id': 42, 'submitted_answer': 'The first word stands for the genus and the second word denotes some character of the plant'}]}
2025-07-04 17:21:19,781 - app.quiz.routes - INFO - Received request body: {'quiz_id': 38, 'answers': [{'question_id': 44, 'submitted_answer': 'Alongside roads, especially in odd places like house roofs'}]}
2025-07-04 17:22:31,371 - app.quiz.routes - INFO - Received request body: {'quiz_id': 39, 'answers': [{'question_id': 45, 'submitted_answer': 'True'}]}
